CCS PCM C Compiler, Version 4.104, 5967               23-fev-23 17:03

               Filename: C:\Users\wende\Desktop\MICRO\pwm_01\pwm_01.lst

               ROM used: 102 words (1%)
                         Largest free fragment is 2048
               RAM used: 14 (4%) at main() level
                         15 (4%) worst case
               Stack:    1 locations

*
0000:  MOVLW  00
0001:  MOVWF  0A
0002:  GOTO   013
0003:  NOP
.................... //#include "C:\Users\wende\Desktop\MICRO\pwm_01\pwm_01.h" 
....................  
.................... #include <16F877A.h> 
.................... //////// Standard Header file for the PIC16F877A device //////////////// 
.................... #device PIC16F877A 
.................... #list 
....................  
.................... #device adc=8 
....................  
.................... #FUSES NOWDT                    //No Watch Dog Timer 
.................... #FUSES HS                       //High speed Osc (> 4mhz for PCM/PCH) (>10mhz for PCD) 
.................... #FUSES NOPUT                    //No Power Up Timer 
.................... #FUSES NOPROTECT                //Code not protected from reading 
.................... #FUSES NODEBUG                  //No Debug mode for ICD 
.................... #FUSES NOBROWNOUT               //No brownout reset 
.................... #FUSES NOLVP                    //No low voltage prgming, B3(PIC16) or B5(PIC18) used for I/O 
.................... #FUSES NOCPD                    //No EE protection 
.................... #FUSES NOWRT                    //Program memory not write protected 
.................... #FUSES RESERVED                 //Used to set the reserved FUSE bits 
....................  
.................... #use delay(clock=20000000) 
*
0004:  MOVLW  03
0005:  SUBWF  29,F
0006:  BTFSS  03.0
0007:  GOTO   012
0008:  MOVLW  29
0009:  MOVWF  04
000A:  BCF    03.7
000B:  MOVF   00,W
000C:  BTFSC  03.2
000D:  GOTO   012
000E:  GOTO   010
000F:  GOTO   010
0010:  DECFSZ 00,F
0011:  GOTO   00F
0012:  RETURN
....................  
....................  
....................  
.................... int16 ton=0, toff; 
.................... unsigned int16 cont; 
.................... int1 ordem = 0; //0 - crescente - 1 decrescente 
....................  
.................... void main() 
.................... { 
0013:  CLRF   04
0014:  BCF    03.7
0015:  MOVLW  1F
0016:  ANDWF  03,F
0017:  CLRF   21
0018:  CLRF   20
0019:  BCF    26.0
001A:  BSF    03.5
001B:  BSF    1F.0
001C:  BSF    1F.1
001D:  BSF    1F.2
001E:  BCF    1F.3
001F:  MOVLW  07
0020:  MOVWF  1C
....................  
....................    while(TRUE){ 
....................       // 1000 us ->  
....................        
....................        
....................       for(ton= 0; ton < 1000 ; ton+=10  ){ 
*
0024:  CLRF   21
0025:  CLRF   20
0026:  MOVF   21,W
0027:  SUBLW  03
0028:  BTFSS  03.0
0029:  GOTO   064
002A:  BTFSS  03.2
002B:  GOTO   030
002C:  MOVF   20,W
002D:  SUBLW  E7
002E:  BTFSS  03.0
002F:  GOTO   064
....................             output_high(PIN_C2); 
0030:  BCF    27.2
0031:  MOVF   27,W
0032:  BSF    03.5
0033:  MOVWF  07
0034:  BCF    03.5
0035:  BSF    07.2
....................             delay_us(ton); 
0036:  MOVF   21,W
0037:  MOVWF  28
0038:  INCF   28,F
0039:  DECF   28,F
003A:  BTFSC  03.2
003B:  GOTO   040
003C:  MOVLW  FF
003D:  MOVWF  29
003E:  CALL   004
003F:  GOTO   039
0040:  MOVF   20,W
0041:  MOVWF  29
0042:  CALL   004
....................              
....................             toff = 1000 - ton; 
0043:  MOVF   20,W
0044:  SUBLW  E8
0045:  MOVWF  22
0046:  MOVLW  03
0047:  MOVWF  23
0048:  MOVF   21,W
0049:  BTFSS  03.0
004A:  INCFSZ 21,W
004B:  SUBWF  23,F
....................              
....................             output_low(PIN_C2); 
004C:  BCF    27.2
004D:  MOVF   27,W
004E:  BSF    03.5
004F:  MOVWF  07
0050:  BCF    03.5
0051:  BCF    07.2
....................             delay_us(toff); 
0052:  MOVF   23,W
0053:  MOVWF  28
0054:  INCF   28,F
0055:  DECF   28,F
0056:  BTFSC  03.2
0057:  GOTO   05C
0058:  MOVLW  FF
0059:  MOVWF  29
005A:  CALL   004
005B:  GOTO   055
005C:  MOVF   22,W
005D:  MOVWF  29
005E:  CALL   004
....................       } 
005F:  MOVLW  0A
0060:  ADDWF  20,F
0061:  BTFSC  03.0
0062:  INCF   21,F
0063:  GOTO   026
....................        
....................           
....................   } 
0064:  GOTO   024
....................     
.................... }  
....................     
....................     
....................        
....................     
....................     
....................     
....................  
....................  
....................  
0065:  SLEEP

Configuration Fuses:
   Word  1: 3F3A   HS NOWDT NOPUT NODEBUG NOPROTECT NOBROWNOUT NOLVP NOCPD NOWRT
