CCS PCM C Compiler, Version 4.104, 5967               30-mar-23 00:16

               Filename: C:\Users\wende\Desktop\MICRO\microcontroladores\Codigos ccs\tx_serial-lm35\tx_serial-lm35.lst

               ROM used: 554 words (7%)
                         Largest free fragment is 2048
               RAM used: 9 (2%) at main() level
                         35 (10%) worst case
               Stack:    2 locations

*
0000:  MOVLW  01
0001:  MOVWF  0A
0002:  GOTO   1DB
0003:  NOP
.................... //#include "C:\Users\wende\Desktop\MICRO\microcontroladores\Codigos ccs\tx_serial-lm35\tx_serial-lm35.h" 
....................  
.................... #include <16F877A.h> 
.................... //////// Standard Header file for the PIC16F877A device //////////////// 
.................... #device PIC16F877A 
.................... #list 
....................  
.................... #device adc=10 
....................  
.................... #FUSES NOWDT                    //No Watch Dog Timer 
.................... #FUSES HS                       //High speed Osc (> 4mhz for PCM/PCH) (>10mhz for PCD) 
.................... #FUSES NOPUT                    //No Power Up Timer 
.................... #FUSES NOPROTECT                //Code not protected from reading 
.................... #FUSES NODEBUG                  //No Debug mode for ICD 
.................... #FUSES NOBROWNOUT               //No brownout reset 
.................... #FUSES NOLVP                    //No low voltage prgming, B3(PIC16) or B5(PIC18) used for I/O 
.................... #FUSES NOCPD                    //No EE protection 
.................... #FUSES NOWRT                    //Program memory not write protected 
.................... #FUSES RESERVED                 //Used to set the reserved FUSE bits 
....................  
.................... #use delay(clock=20000000) 
01C5:  MOVLW  25
01C6:  MOVWF  04
01C7:  BCF    03.7
01C8:  MOVF   00,W
01C9:  BTFSC  03.2
01CA:  GOTO   1D8
01CB:  MOVLW  06
01CC:  MOVWF  78
01CD:  CLRF   77
01CE:  DECFSZ 77,F
01CF:  GOTO   1CE
01D0:  DECFSZ 78,F
01D1:  GOTO   1CD
01D2:  MOVLW  7B
01D3:  MOVWF  77
01D4:  DECFSZ 77,F
01D5:  GOTO   1D4
01D6:  DECFSZ 00,F
01D7:  GOTO   1CB
01D8:  BCF    0A.3
01D9:  BCF    0A.4
01DA:  GOTO   228 (RETURN)
.................... #use rs232(baud=1200,parity=N,xmit=PIN_C6,rcv=PIN_C7,bits=8,stream=leitura_lm35) 
....................  
....................  
.................... void main() 
.................... { 
01DB:  CLRF   04
01DC:  BCF    03.7
01DD:  MOVLW  1F
01DE:  ANDWF  03,F
01DF:  MOVLW  FF
01E0:  BSF    03.5
01E1:  MOVWF  19
01E2:  MOVLW  A2
01E3:  MOVWF  18
01E4:  MOVLW  90
01E5:  BCF    03.5
01E6:  MOVWF  18
01E7:  BSF    03.5
01E8:  BSF    1F.0
01E9:  BSF    1F.1
01EA:  BSF    1F.2
01EB:  BCF    1F.3
01EC:  MOVLW  07
01ED:  MOVWF  1C
....................    float leitura; 
....................     
....................     
....................     
....................   
....................    setup_adc_ports(AN0_AN1_AN3); 
01EE:  BCF    1F.0
01EF:  BCF    1F.1
01F0:  BSF    1F.2
01F1:  BCF    1F.3
....................    setup_adc(ADC_CLOCK_DIV_16); 
01F2:  BSF    1F.6
01F3:  BCF    03.5
01F4:  BSF    1F.6
01F5:  BCF    1F.7
01F6:  BSF    03.5
01F7:  BSF    1F.7
01F8:  BCF    03.5
01F9:  BSF    1F.0
....................     
....................   
....................    set_adc_channel(0); 
01FA:  MOVLW  00
01FB:  MOVWF  78
01FC:  MOVF   1F,W
01FD:  ANDLW  C7
01FE:  IORWF  78,W
01FF:  MOVWF  1F
....................    delay_us(20); 
0200:  MOVLW  21
0201:  MOVWF  77
0202:  DECFSZ 77,F
0203:  GOTO   202
....................  
....................    while(TRUE){ 
....................       leitura = read_adc(); 
0204:  BSF    1F.2
0205:  BTFSC  1F.2
0206:  GOTO   205
0207:  MOVF   1E,W
0208:  MOVWF  7A
0209:  BSF    03.5
020A:  MOVF   1E,W
020B:  BCF    03.5
020C:  MOVWF  25
020D:  MOVF   1E,W
020E:  MOVWF  26
020F:  GOTO   004
0210:  MOVF   7A,W
0211:  MOVWF  24
0212:  MOVF   79,W
0213:  MOVWF  23
0214:  MOVF   78,W
0215:  MOVWF  22
0216:  MOVF   77,W
0217:  MOVWF  21
....................        
....................        
....................        
....................        
....................        
....................        
....................        
....................      
....................      fprintf(leitura_lm35,"%f",leitura); 
0218:  MOVLW  89
0219:  MOVWF  04
021A:  MOVF   24,W
021B:  MOVWF  28
021C:  MOVF   23,W
021D:  MOVWF  27
021E:  MOVF   22,W
021F:  MOVWF  26
0220:  MOVF   21,W
0221:  MOVWF  25
0222:  MOVLW  02
0223:  MOVWF  29
0224:  GOTO   065
....................      delay_ms(200); 
0225:  MOVLW  C8
0226:  MOVWF  25
0227:  GOTO   1C5
....................        
....................    } 
0228:  GOTO   204
....................  
.................... } 
....................  
.................... //105 i 
.................... //102 f 
.................... //109 m 
.................... //116 t 
.................... // 
0229:  SLEEP

Configuration Fuses:
   Word  1: 3F3A   HS NOWDT NOPUT NODEBUG NOPROTECT NOBROWNOUT NOLVP NOCPD NOWRT
